2025-12-04 08:20:31,870 - loggers.data_logger - INFO - Database setup completed
2025-12-04 08:20:33,101 - hardware.vector_interface - INFO - Scanning for Vector CAN interfaces...
2025-12-04 08:20:33,101 - hardware.vector_interface - INFO - Testing channel 0 at 125000 bps...
2025-12-04 08:20:33,138 - can.interfaces.vector.canlib - WARNING - Could not import vxlapi: Vector XL library not found: vxlapi64
2025-12-04 08:20:33,142 - hardware.vector_interface - INFO - Testing channel 0 at 250000 bps...
2025-12-04 08:20:33,144 - hardware.vector_interface - INFO - Testing channel 0 at 500000 bps...
2025-12-04 08:20:33,146 - hardware.vector_interface - INFO - Testing channel 0 at 1000000 bps...
2025-12-04 08:20:33,148 - hardware.vector_interface - INFO - Testing channel 1 at 125000 bps...
2025-12-04 08:20:33,156 - hardware.vector_interface - INFO - Testing channel 1 at 250000 bps...
2025-12-04 08:20:33,157 - hardware.vector_interface - INFO - Testing channel 1 at 500000 bps...
2025-12-04 08:20:33,159 - hardware.vector_interface - INFO - Testing channel 1 at 1000000 bps...
2025-12-04 08:20:33,161 - hardware.vector_interface - INFO - Testing channel 2 at 125000 bps...
2025-12-04 08:20:33,163 - hardware.vector_interface - INFO - Testing channel 2 at 250000 bps...
2025-12-04 08:20:33,164 - hardware.vector_interface - INFO - Testing channel 2 at 500000 bps...
2025-12-04 08:20:33,166 - hardware.vector_interface - INFO - Testing channel 2 at 1000000 bps...
2025-12-04 08:20:33,168 - hardware.vector_interface - INFO - Testing channel 3 at 125000 bps...
2025-12-04 08:20:33,169 - hardware.vector_interface - INFO - Testing channel 3 at 250000 bps...
2025-12-04 08:20:33,171 - hardware.vector_interface - INFO - Testing channel 3 at 500000 bps...
2025-12-04 08:20:33,172 - hardware.vector_interface - INFO - Testing channel 3 at 1000000 bps...
2025-12-04 08:20:33,174 - hardware.vector_interface - INFO - Testing channel 4 at 125000 bps...
2025-12-04 08:20:33,175 - hardware.vector_interface - INFO - Testing channel 4 at 250000 bps...
2025-12-04 08:20:33,177 - hardware.vector_interface - INFO - Testing channel 4 at 500000 bps...
2025-12-04 08:20:33,178 - hardware.vector_interface - INFO - Testing channel 4 at 1000000 bps...
2025-12-04 08:20:33,179 - hardware.vector_interface - INFO - Testing channel 5 at 125000 bps...
2025-12-04 08:20:33,181 - hardware.vector_interface - INFO - Testing channel 5 at 250000 bps...
2025-12-04 08:20:33,183 - hardware.vector_interface - INFO - Testing channel 5 at 500000 bps...
2025-12-04 08:20:33,184 - hardware.vector_interface - INFO - Testing channel 5 at 1000000 bps...
2025-12-04 08:20:33,186 - hardware.vector_interface - INFO - Testing channel 6 at 125000 bps...
2025-12-04 08:20:33,187 - hardware.vector_interface - INFO - Testing channel 6 at 250000 bps...
2025-12-04 08:20:33,189 - hardware.vector_interface - INFO - Testing channel 6 at 500000 bps...
2025-12-04 08:20:33,191 - hardware.vector_interface - INFO - Testing channel 6 at 1000000 bps...
2025-12-04 08:20:33,192 - hardware.vector_interface - INFO - Testing channel 7 at 125000 bps...
2025-12-04 08:20:33,194 - hardware.vector_interface - INFO - Testing channel 7 at 250000 bps...
2025-12-04 08:20:33,195 - hardware.vector_interface - INFO - Testing channel 7 at 500000 bps...
2025-12-04 08:20:33,197 - hardware.vector_interface - INFO - Testing channel 7 at 1000000 bps...
2025-12-04 08:20:33,199 - hardware.vector_interface - WARNING - No Vector interfaces detected
